Running on 8 MPI processes

ITERATION NUMBER | [14554,14554] | [14555,14555] | [14556,14556] | [14557,14557] | [14558,14558] | [14559,14559]
-----------------+---------------+---------------+---------------+---------------+---------------+-------------- 
ITERATION    100 |         63.71 |         73.05 |         81.75 |         89.26 |         95.06 |         98.74 
ITERATION    200 |         79.65 |         85.35 |         90.34 |         94.44 |         97.48 |         99.36 
ITERATION    300 |         85.87 |         89.94 |         93.43 |         96.24 |         98.30 |         99.57 
ITERATION    400 |         89.17 |         92.34 |         95.01 |         97.16 |         98.72 |         99.68 
ITERATION    500 |         91.22 |         93.81 |         95.98 |         97.71 |         98.97 |         99.74 
ITERATION    600 |         92.61 |         94.80 |         96.63 |         98.08 |         99.14 |         99.78 
ITERATION    700 |         93.62 |         95.52 |         97.10 |         98.35 |         99.26 |         99.81 
ITERATION    800 |         94.39 |         96.06 |         97.45 |         98.55 |         99.35 |         99.83 
ITERATION    900 |         94.99 |         96.48 |         97.73 |         98.71 |         99.42 |         99.85 
ITERATION   1000 |         95.47 |         96.82 |         97.95 |         98.83 |         99.47 |         99.87 
ITERATION   1100 |         95.87 |         97.10 |         98.13 |         98.93 |         99.52 |         99.88 
ITERATION   1200 |         96.20 |         97.33 |         98.28 |         99.02 |         99.56 |         99.89 
ITERATION   1300 |         96.48 |         97.53 |         98.41 |         99.09 |         99.59 |         99.90 
ITERATION   1400 |         96.72 |         97.70 |         98.52 |         99.15 |         99.62 |         99.90 
ITERATION   1500 |         96.93 |         97.85 |         98.61 |         99.21 |         99.64 |         99.91 
ITERATION   1600 |         97.12 |         97.98 |         98.69 |         99.26 |         99.66 |         99.91 
ITERATION   1700 |         97.28 |         98.09 |         98.77 |         99.30 |         99.68 |         99.92 
ITERATION   1800 |         97.43 |         98.20 |         98.83 |         99.33 |         99.70 |         99.92 
ITERATION   1900 |         97.56 |         98.29 |         98.89 |         99.37 |         99.71 |         99.93 
ITERATION   2000 |         97.67 |         98.37 |         98.94 |         99.40 |         99.73 |         99.93 
ITERATION   2100 |         97.78 |         98.44 |         98.99 |         99.42 |         99.74 |         99.93 
ITERATION   2200 |         97.88 |         98.51 |         99.04 |         99.45 |         99.75 |         99.94 
ITERATION   2300 |         97.96 |         98.57 |         99.08 |         99.47 |         99.76 |         99.94 
ITERATION   2400 |         98.05 |         98.63 |         99.11 |         99.49 |         99.77 |         99.94 
ITERATION   2500 |         98.12 |         98.68 |         99.15 |         99.51 |         99.78 |         99.94 
ITERATION   2600 |         98.19 |         98.73 |         99.18 |         99.53 |         99.78 |         99.94 
ITERATION   2700 |         98.25 |         98.77 |         99.21 |         99.54 |         99.79 |         99.95 
ITERATION   2800 |         98.31 |         98.82 |         99.23 |         99.56 |         99.80 |         99.95 
ITERATION   2900 |         98.37 |         98.85 |         99.26 |         99.57 |         99.81 |         99.95 
ITERATION   3000 |         98.42 |         98.89 |         99.28 |         99.59 |         99.81 |         99.95 
ITERATION   3100 |         98.47 |         98.92 |         99.30 |         99.60 |         99.82 |         99.95 
ITERATION   3200 |         98.51 |         98.96 |         99.32 |         99.61 |         99.82 |         99.95 
ITERATION   3300 |         98.56 |         98.99 |         99.34 |         99.62 |         99.83 |         99.95 
ITERATION   3400 |         98.60 |         99.01 |         99.36 |         99.63 |         99.83 |         99.96 
ITERATION   3500 |         98.63 |         99.04 |         99.38 |         99.64 |         99.84 |         99.96 

Language used: FORTRAN.
Version run: hybrid_gpu_big.
The maximum temperature change was reached at iteration 3586 was 0.009996974375376055
Total time was 940.1 seconds.
Value of halo swap verification cell (14559, 12739) is 85.851525286739885701
