ITERATION NUMBER | [  666,  666] | [  667,  667] | [  668,  668] | [  669,  669] | [  670,  670] | [  671,  671]
-----------------+---------------+---------------+---------------+---------------+---------------+-------------- 
ITERATION    100 |         63.12 |         72.47 |         81.22 |         88.81 |         94.76 |         98.63 
ITERATION    200 |         78.82 |         84.60 |         89.69 |         93.92 |         97.14 |         99.24 
ITERATION    300 |         84.92 |         89.10 |         92.72 |         95.69 |         97.95 |         99.45 
ITERATION    400 |         88.15 |         91.44 |         94.27 |         96.59 |         98.36 |         99.55 
ITERATION    500 |         90.15 |         92.87 |         95.21 |         97.13 |         98.60 |         99.61 
ITERATION    600 |         91.50 |         93.84 |         95.84 |         97.49 |         98.76 |         99.65 
ITERATION    700 |         92.48 |         94.53 |         96.29 |         97.75 |         98.88 |         99.68 
ITERATION    800 |         93.22 |         95.06 |         96.63 |         97.94 |         98.97 |         99.70 
ITERATION    900 |         93.80 |         95.46 |         96.90 |         98.09 |         99.03 |         99.72 
ITERATION   1000 |         94.26 |         95.79 |         97.11 |         98.21 |         99.09 |         99.73 
ITERATION   1100 |         94.64 |         96.06 |         97.28 |         98.31 |         99.13 |         99.75 
ITERATION   1200 |         94.96 |         96.28 |         97.43 |         98.39 |         99.17 |         99.75 
ITERATION   1300 |         95.23 |         96.47 |         97.55 |         98.46 |         99.20 |         99.76 
ITERATION   1400 |         95.46 |         96.63 |         97.66 |         98.52 |         99.23 |         99.77 
ITERATION   1500 |         95.66 |         96.78 |         97.75 |         98.57 |         99.25 |         99.77 
ITERATION   1600 |         95.84 |         96.90 |         97.83 |         98.62 |         99.27 |         99.78 
ITERATION   1700 |         95.99 |         97.01 |         97.90 |         98.66 |         99.29 |         99.78 
ITERATION   1800 |         96.13 |         97.10 |         97.96 |         98.69 |         99.30 |         99.79 
ITERATION   1900 |         96.25 |         97.19 |         98.01 |         98.72 |         99.32 |         99.79 
ITERATION   2000 |         96.36 |         97.27 |         98.06 |         98.75 |         99.33 |         99.79 
ITERATION   2100 |         96.47 |         97.34 |         98.11 |         98.78 |         99.34 |         99.80 
ITERATION   2200 |         96.56 |         97.40 |         98.15 |         98.80 |         99.35 |         99.80 
ITERATION   2300 |         96.64 |         97.46 |         98.19 |         98.82 |         99.36 |         99.80 
ITERATION   2400 |         96.72 |         97.51 |         98.22 |         98.84 |         99.37 |         99.80 
ITERATION   2500 |         96.79 |         97.56 |         98.25 |         98.86 |         99.38 |         99.81 
ITERATION   2600 |         96.85 |         97.61 |         98.28 |         98.87 |         99.38 |         99.81 
ITERATION   2700 |         96.91 |         97.65 |         98.31 |         98.89 |         99.39 |         99.81 
ITERATION   2800 |         96.97 |         97.69 |         98.33 |         98.90 |         99.40 |         99.81 
ITERATION   2900 |         97.02 |         97.72 |         98.36 |         98.92 |         99.40 |         99.81 
ITERATION   3000 |         97.07 |         97.76 |         98.38 |         98.93 |         99.41 |         99.81 
ITERATION   3100 |         97.11 |         97.79 |         98.40 |         98.94 |         99.41 |         99.82 
ITERATION   3200 |         97.15 |         97.82 |         98.42 |         98.95 |         99.42 |         99.82 

Language used: FORTRAN.
Version run: openacc_small.
The maximum temperature change was reached at iteration 3264 was 0.009998997153914502
Total time was 0.5 seconds.
